00:00 +0: loading test/stress_test.dart
00:00 +0: Kronix Stress Test Suite Validation Engine Stress (Deep Nesting)
[2026-02-24T01:02:28.880941] [system] INFO: ≡ƒÜÇ Server started on http://localhost:62764[0m
[2026-02-24T01:02:29.202210] [dbi8q3jz] INFO: POST /validate - 422 (9ms)[0m
00:00 +0 -1: Kronix Stress Test Suite Validation Engine Stress (Deep Nesting) [E]
  Expected: <200>
    Actual: <422>
  
  package:matcher              expect
  test\stress_test.dart 135:7  main.<fn>.<fn>
  
00:00 +0 -1: Some tests failed.

Consider enabling the flag chain-stack-traces to receive more detailed exceptions.
For example, 'dart test --chain-stack-traces'.
